../Core/Src/main.c:73:5:main	8	static
../Core/Src/main.c:112:6:bootloader_uart_read_data	16	static
../Core/Src/main.c:165:6:bootloader_jump_to_user_app	24	static,ignoring_inline_asm
../Core/Src/main.c:182:6:SystemClock_Config	88	static
../Core/Src/main.c:229:13:MX_CRC_Init	8	static
../Core/Src/main.c:255:13:MX_USART1_UART_Init	8	static
../Core/Src/main.c:288:13:MX_USART2_UART_Init	8	static
../Core/Src/main.c:321:13:MX_GPIO_Init	48	static
../Core/Src/main.c:361:6:Error_Handler	4	static,ignoring_inline_asm
