../Core/Src/main.c:71:5:main	8	static
../Core/Src/main.c:109:6:bootloader_uart_read_data	4	static
../Core/Src/main.c:113:6:bootloader_jump_to_user_app	24	static,ignoring_inline_asm
../Core/Src/main.c:130:6:SystemClock_Config	88	static
../Core/Src/main.c:177:13:MX_CRC_Init	8	static
../Core/Src/main.c:203:13:MX_USART1_UART_Init	8	static
../Core/Src/main.c:236:13:MX_USART2_UART_Init	8	static
../Core/Src/main.c:269:13:MX_GPIO_Init	48	static
../Core/Src/main.c:309:6:Error_Handler	4	static,ignoring_inline_asm
