10:22:20 **** Incremental Build of configuration Debug for project 0_test ****
make -j16 all 
arm-none-eabi-gcc "../Src/main.c" -mcpu=cortex-m4 -std=gnu11 -g3 -DDEBUG -DNUCLEO_F401RE -DSTM32 -DSTM32F401RETx -DSTM32F4 -c -I../Inc -O0 -ffunction-sections -fdata-sections -Wall -fstack-usage -fcyclomatic-complexity -MMD -MP -MF"Src/main.d" -MT"Src/main.o" --specs=nano.specs -mfloat-abi=soft -mthumb -o "Src/main.o"
arm-none-eabi-gcc -o "0_test.elf" @"objects.list"   -mcpu=cortex-m4 -T"C:\Users\user\STM32CubeIDE\workspace_1.16.0\0_test\STM32F401RETX_FLASH.ld" --specs=nosys.specs -Wl,-Map="0_test.map" -Wl,--gc-sections -static --specs=nano.specs -mfloat-abi=soft -mthumb -Wl,--start-group -lc -lm -Wl,--end-group
Finished building target: 0_test.elf
 
arm-none-eabi-size  0_test.elf 
arm-none-eabi-objdump -h -S 0_test.elf  > "0_test.list"
   text	   data	    bss	    dec	    hex	filename
    664	      0	   1568	   2232	    8b8	0_test.elf
Finished building: default.size.stdout
 
Finished building: 0_test.list
 

10:22:21 Build Finished. 0 errors, 0 warnings. (took 347ms)

