23:42:54 **** Incremental Build of configuration Debug for project user app ****
make -j16 all 
arm-none-eabi-gcc "../Core/Src/main.c" -mcpu=cortex-m4 -std=gnu11 -g3 -DDEBUG -DUSE_HAL_DRIVER -DSTM32F401xE -c -I../Core/Inc -I../Drivers/STM32F4xx_HAL_Driver/Inc -I../Drivers/STM32F4xx_HAL_Driver/Inc/Legacy -I../Drivers/CMSIS/Device/ST/STM32F4xx/Include -I../Drivers/CMSIS/Include -O0 -ffunction-sections -fdata-sections -Wall -fstack-usage -fcyclomatic-complexity -MMD -MP -MF"Core/Src/main.d" -MT"Core/Src/main.o" --specs=nano.specs -mfpu=fpv4-sp-d16 -mfloat-abi=hard -mthumb -o "Core/Src/main.o"
arm-none-eabi-gcc -o "user app.elf" @"objects.list"   -mcpu=cortex-m4 -T"C:\Users\user\STM32CubeIDE\workspace_1.16.0\user app\STM32F401RETX_FLASH.ld" --specs=nosys.specs -Wl,-Map="user app.map" -Wl,--gc-sections -static --specs=nano.specs -mfpu=fpv4-sp-d16 -mfloat-abi=hard -mthumb -Wl,--start-group -lc -lm -Wl,--end-group
Finished building target: user app.elf
 
arm-none-eabi-size  user\ app.elf 
arm-none-eabi-objdump -h -S user\ app.elf  > "user app.list"
arm-none-eabi-objcopy  -O ihex user\ app.elf  "user app.hex"
   text	   data	    bss	    dec	    hex	filename
   7804	     12	   1644	   9460	   24f4	user app.elf
arm-none-eabi-objcopy  -O binary user\ app.elf  "user app.bin"
Finished building: default.size.stdout
 
Finished building: user app.hex
Finished building: user app.bin
 
 
Finished building: user app.list
 

23:42:54 Build Finished. 0 errors, 0 warnings. (took 547ms)

